z,r
415.840,36.058
417.175,64.104
430.530,62.768
433.201,134.885
415.840,133.550
415.840,149.576
425.188,158.924
528.022,157.589
530.693,116.188
572.093,112.182
573.429,140.227
851.212,142.898
853.883,114.853
892.613,114.853
895.284,138.892
927.336,138.892
926.000,86.807
943.361,77.459
1000.788,73.452
1016.814,58.762
1016.814,36.058
885.935,77.459
