{"axis_type": "vertical", "axis_pos": 1236.833, "image_width": 1652, "image_height": 1234}
